Time resolution is 1 ps
[DRV]: RESET DONE.
[GEN] : din : x dout: 0
[DRV] : din : x dout: 0
[MON] : din : x dout: 0
[SCO] : din : x dout: 0
[REF] : din : x dout: 0
[SCO]: DATA MATCHED.
-----------------------------
[GEN] : din : x dout: 0
[DRV] : din : x dout: 0
[MON] : din : x dout: 0
[SCO] : din : x dout: 0
[REF] : din : x dout: 0
[SCO]: DATA MATCHED.
-----------------------------
[GEN] : din : x dout: 0
[DRV] : din : x dout: 0
[MON] : din : x dout: 0
[SCO] : din : x dout: 0
[REF] : din : x dout: 0
[SCO]: DATA MATCHED.
-----------------------------
[GEN] : din : x dout: 0
[DRV] : din : x dout: 0
[MON] : din : x dout: 0
[SCO] : din : x dout: 0
[REF] : din : x dout: 0
[SCO]: DATA MATCHED.
-----------------------------
[GEN] : din : x dout: 0
[DRV] : din : x dout: 0
[MON] : din : x dout: 0
[SCO] : din : x dout: 0
[REF] : din : x dout: 0
[SCO]: DATA MATCHED.
-----------------------------
[GEN] : din : x dout: 0
[DRV] : din : x dout: 0
[MON] : din : x dout: 0
[SCO] : din : x dout: 0
[REF] : din : x dout: 0
[SCO]: DATA MATCHED.
-----------------------------
[GEN] : din : x dout: 0
[DRV] : din : x dout: 0
[MON] : din : x dout: 0
[SCO] : din : x dout: 0
[REF] : din : x dout: 0
[SCO]: DATA MATCHED.
-----------------------------
[GEN] : din : x dout: 0
[DRV] : din : x dout: 0
[MON] : din : x dout: 0
[SCO] : din : x dout: 0
[REF] : din : x dout: 0
[SCO]: DATA MATCHED.
-----------------------------
[GEN] : din : x dout: 0
[DRV] : din : x dout: 0
[MON] : din : x dout: 0
[SCO] : din : x dout: 0
[REF] : din : x dout: 0
[SCO]: DATA MATCHED.
-----------------------------
[GEN] : din : x dout: 0
[DRV] : din : x dout: 0
[MON] : din : x dout: 0
[SCO] : din : x dout: 0
[REF] : din : x dout: 0
[SCO]: DATA MATCHED.
-----------------------------
[GEN] : din : x dout: 0
[DRV] : din : x dout: 0
[MON] : din : x dout: 0
[SCO] : din : x dout: 0
[REF] : din : x dout: 0
[SCO]: DATA MATCHED.
-----------------------------
[GEN] : din : x dout: 0
[DRV] : din : x dout: 0
[MON] : din : x dout: 0
[SCO] : din : x dout: 0
[REF] : din : x dout: 0
[SCO]: DATA MATCHED.
-----------------------------
[GEN] : din : x dout: 0
[DRV] : din : x dout: 0
[MON] : din : x dout: 0
[SCO] : din : x dout: 0
[REF] : din : x dout: 0
[SCO]: DATA MATCHED.
-----------------------------
[GEN] : din : x dout: 0
[DRV] : din : x dout: 0
[MON] : din : x dout: 0
[SCO] : din : x dout: 0
[REF] : din : x dout: 0
[SCO]: DATA MATCHED.
-----------------------------
[GEN] : din : x dout: 0
[DRV] : din : x dout: 0
[MON] : din : x dout: 0
[SCO] : din : x dout: 0
[REF] : din : x dout: 0
[SCO]: DATA MATCHED.
-----------------------------
[GEN] : din : x dout: 0
[DRV] : din : x dout: 0
[MON] : din : x dout: 0
[SCO] : din : x dout: 0
[REF] : din : x dout: 0
[SCO]: DATA MATCHED.
-----------------------------
[GEN] : din : x dout: 0
[DRV] : din : x dout: 0
[MON] : din : x dout: 0
[SCO] : din : x dout: 0
[REF] : din : x dout: 0
[SCO]: DATA MATCHED.
-----------------------------
[GEN] : din : x dout: 0
[DRV] : din : x dout: 0
[MON] : din : x dout: 0
[SCO] : din : x dout: 0
[REF] : din : x dout: 0
[SCO]: DATA MATCHED.
-----------------------------
[GEN] : din : x dout: 0
[DRV] : din : x dout: 0
[MON] : din : x dout: 0
[SCO] : din : x dout: 0
[REF] : din : x dout: 0
[SCO]: DATA MATCHED.
-----------------------------
[GEN] : din : x dout: 0
[DRV] : din : x dout: 0
[MON] : din : x dout: 0
[SCO] : din : x dout: 0
[REF] : din : x dout: 0
[SCO]: DATA MATCHED.
-----------------------------
[GEN] : din : x dout: 0
[DRV] : din : x dout: 0
[MON] : din : x dout: 0
[SCO] : din : x dout: 0
[REF] : din : x dout: 0
[SCO]: DATA MATCHED.
-----------------------------
[GEN] : din : x dout: 0
[DRV] : din : x dout: 0
[MON] : din : x dout: 0
[SCO] : din : x dout: 0
[REF] : din : x dout: 0
[SCO]: DATA MATCHED.
-----------------------------
[GEN] : din : x dout: 0
